<?xml version="1.0" encoding="utf-8"?>
<TestRun id="d539dff7-b59e-4522-b213-426d19bfc6a4" name="User@USER-KOMPUTER 2019-08-18 14:21:10" runUser="USER-KOMPUTER\User" xmlns="http://microsoft.com/schemas/VisualStudio/TeamTest/2010">
  <Times creation="2019-08-18T14:21:10.6159959+02:00" queuing="2019-08-18T14:21:10.6159960+02:00" start="2019-08-18T14:21:08.7433328+02:00" finish="2019-08-18T14:21:11.4471771+02:00" />
  <TestSettings name="default" id="1bdd09fe-72cc-4555-9a60-dce0943b4e80">
    <Deployment runDeploymentRoot="User_USER-KOMPUTER_2019-08-18_14_21_10" />
  </TestSettings>
  <Results>
    <UnitTestResult executionId="537d384a-3b40-4b26-a8ab-8a5256caac69" testId="9ae6aebd-ac9a-805e-7c96-1efa270a187d" testName="ToDoListApi.Tests.ToDoServiceTests.UpdateToDo_ByDefault_ReturnsToDoViewModel" computerName="USER-KOMPUTER" duration="00:00:00.0130000" startTime="2019-08-18T14:21:10.6963288+02:00" endTime="2019-08-18T14:21:10.6963294+02:00" testType="13cdc9d9-ddb5-4fa4-a97d-d965ccfc6d4b" outcome="Passed" testListId="8c84fa94-04c1-424b-9868-57a2d4851a1d" relativeResultsDirectory="537d384a-3b40-4b26-a8ab-8a5256caac69" />
    <UnitTestResult executionId="76fe774a-a3d1-4f77-9633-1f743d0ef11d" testId="f2321ffb-392f-a3c9-4469-ff13a725522b" testName="ToDoListApi.Tests.UserServiceTests.Login_ByDefault_ReturnsStringToken" computerName="USER-KOMPUTER" duration="00:00:00.0220000" startTime="2019-08-18T14:21:10.7085440+02:00" endTime="2019-08-18T14:21:10.7085444+02:00" testType="13cdc9d9-ddb5-4fa4-a97d-d965ccfc6d4b" outcome="Passed" testListId="8c84fa94-04c1-424b-9868-57a2d4851a1d" relativeResultsDirectory="76fe774a-a3d1-4f77-9633-1f743d0ef11d" />
    <UnitTestResult executionId="ed2480c8-b1e3-4074-857c-5ce57e925d3f" testId="ea2e95db-1372-0b48-caba-0c3fbb7f93a0" testName="ToDoListApi.Tests.UserServiceTests.Register_WhenAlreadyExists_ThrowsResourceAlreadyExistsException" computerName="USER-KOMPUTER" duration="00:00:00.0040000" startTime="2019-08-18T14:21:10.7186172+02:00" endTime="2019-08-18T14:21:10.7186178+02:00" testType="13cdc9d9-ddb5-4fa4-a97d-d965ccfc6d4b" outcome="Passed" testListId="8c84fa94-04c1-424b-9868-57a2d4851a1d" relativeResultsDirectory="ed2480c8-b1e3-4074-857c-5ce57e925d3f" />
    <UnitTestResult executionId="e7ea756b-cddf-4ee4-b607-d4b137824b46" testId="2befb066-b22b-4b19-05fb-eebdc029d5ca" testName="ToDoListApi.Tests.ToDoServiceTests.DeleteToDo_WhenNotFound_ThrowsResourceNotFoundException" computerName="USER-KOMPUTER" duration="00:00:00.0020000" startTime="2019-08-18T14:21:10.7099414+02:00" endTime="2019-08-18T14:21:10.7099418+02:00" testType="13cdc9d9-ddb5-4fa4-a97d-d965ccfc6d4b" outcome="Passed" testListId="8c84fa94-04c1-424b-9868-57a2d4851a1d" relativeResultsDirectory="e7ea756b-cddf-4ee4-b607-d4b137824b46" />
    <UnitTestResult executionId="cc56e0e4-ea57-46ea-8e6b-f3052982cd72" testId="0693012c-ff3f-ce53-8f95-a1a3e6c5d21f" testName="ToDoListApi.Tests.ToDoRepositoryTests.DeleteToDo_ByDefault_ReturnsToDosCollection" computerName="USER-KOMPUTER" duration="00:00:00.0510000" startTime="2019-08-18T14:21:11.3460598+02:00" endTime="2019-08-18T14:21:11.3460601+02:00" testType="13cdc9d9-ddb5-4fa4-a97d-d965ccfc6d4b" outcome="Passed" testListId="8c84fa94-04c1-424b-9868-57a2d4851a1d" relativeResultsDirectory="cc56e0e4-ea57-46ea-8e6b-f3052982cd72" />
    <UnitTestResult executionId="d039651f-c4c1-4d5b-8c7b-ae71da5d3b99" testId="b84dbc80-27bb-c2d1-40df-a4ad1f4b40e2" testName="ToDoListApi.Tests.UserControllerTests.Register_ByDefault_ReturnsOkObjectResult" computerName="USER-KOMPUTER" duration="00:00:00.2180000" startTime="2019-08-18T14:21:10.6439230+02:00" endTime="2019-08-18T14:21:10.6439235+02:00" testType="13cdc9d9-ddb5-4fa4-a97d-d965ccfc6d4b" outcome="Passed" testListId="8c84fa94-04c1-424b-9868-57a2d4851a1d" relativeResultsDirectory="d039651f-c4c1-4d5b-8c7b-ae71da5d3b99" />
    <UnitTestResult executionId="30d24e92-1815-4237-938d-cf129e11cad9" testId="75d729a4-8445-7cde-1cef-1a01bcf19fd3" testName="ToDoListApi.Tests.ToDoServiceTests.UpdateToDo_WhenNotFound_ThrowsResourceNotFoundException" computerName="USER-KOMPUTER" duration="00:00:00.0020000" startTime="2019-08-18T14:21:10.7118177+02:00" endTime="2019-08-18T14:21:10.7118180+02:00" testType="13cdc9d9-ddb5-4fa4-a97d-d965ccfc6d4b" outcome="Passed" testListId="8c84fa94-04c1-424b-9868-57a2d4851a1d" relativeResultsDirectory="30d24e92-1815-4237-938d-cf129e11cad9" />
    <UnitTestResult executionId="31ef5390-1f8a-4554-bbed-12ea32ab755d" testId="6957a3ee-b847-d9a0-b0e5-24b3d8a95285" testName="ToDoListApi.Tests.UserServiceTests.Register_ByDefault_ReturnsStringToken" computerName="USER-KOMPUTER" duration="00:00:00.0020000" startTime="2019-08-18T14:21:10.7203751+02:00" endTime="2019-08-18T14:21:10.7203754+02:00" testType="13cdc9d9-ddb5-4fa4-a97d-d965ccfc6d4b" outcome="Passed" testListId="8c84fa94-04c1-424b-9868-57a2d4851a1d" relativeResultsDirectory="31ef5390-1f8a-4554-bbed-12ea32ab755d" />
    <UnitTestResult executionId="b99f5aa6-8038-4c54-8da4-43ed4ad0932d" testId="2282d58e-1655-afe3-165e-cf5919ff00e4" testName="ToDoListApi.Tests.ToDoRepositoryTests.AddTodo_ByDefault_ReturnsToDosCollection" computerName="USER-KOMPUTER" duration="00:00:00.8830000" startTime="2019-08-18T14:21:11.2953106+02:00" endTime="2019-08-18T14:21:11.2953110+02:00" testType="13cdc9d9-ddb5-4fa4-a97d-d965ccfc6d4b" outcome="Passed" testListId="8c84fa94-04c1-424b-9868-57a2d4851a1d" relativeResultsDirectory="b99f5aa6-8038-4c54-8da4-43ed4ad0932d" />
    <UnitTestResult executionId="5f50bf53-24dd-425c-83af-0746d2134b91" testId="b6e0f80b-1b7d-f80f-b659-a8283afdd488" testName="ToDoListApi.Tests.UserControllerTests.Login_WhenIncorrectPassword_ThrowsPasswordValidationException" computerName="USER-KOMPUTER" duration="00:00:00.0030000" startTime="2019-08-18T14:21:10.6847682+02:00" endTime="2019-08-18T14:21:10.6847685+02:00" testType="13cdc9d9-ddb5-4fa4-a97d-d965ccfc6d4b" outcome="Passed" testListId="8c84fa94-04c1-424b-9868-57a2d4851a1d" relativeResultsDirectory="5f50bf53-24dd-425c-83af-0746d2134b91" />
    <UnitTestResult executionId="a72267bd-8f52-4b06-9eb1-35b224d5e6e5" testId="9766a886-4cfb-c079-224b-05b0ed11030b" testName="ToDoListApi.Tests.UserControllerTests.Login_ByDefault_ReturnsOkObjectResult" computerName="USER-KOMPUTER" duration="00:00:00.0040000" startTime="2019-08-18T14:21:10.6816412+02:00" endTime="2019-08-18T14:21:10.6816414+02:00" testType="13cdc9d9-ddb5-4fa4-a97d-d965ccfc6d4b" outcome="Passed" testListId="8c84fa94-04c1-424b-9868-57a2d4851a1d" relativeResultsDirectory="a72267bd-8f52-4b06-9eb1-35b224d5e6e5" />
    <UnitTestResult executionId="15024ac0-1b90-42be-8373-a0cb7ec8b6dc" testId="96ad2a57-87f2-b5cf-b147-18611533fe55" testName="ToDoListApi.Tests.UserControllerTests.GetUser_WhenUserNotFound_ThrowsResourceNotFoundException" computerName="USER-KOMPUTER" duration="00:00:00.0180000" startTime="2019-08-18T14:21:10.6770937+02:00" endTime="2019-08-18T14:21:10.6770942+02:00" testType="13cdc9d9-ddb5-4fa4-a97d-d965ccfc6d4b" outcome="Passed" testListId="8c84fa94-04c1-424b-9868-57a2d4851a1d" relativeResultsDirectory="15024ac0-1b90-42be-8373-a0cb7ec8b6dc" />
    <UnitTestResult executionId="b143fe28-f5dc-4b11-a2f6-8fa9e3dbbc1e" testId="17a64cc4-f72d-82ce-e615-b5687e6b1ca1" testName="ToDoListApi.Tests.CustomExceptionHandlerMiddlewareTests.Invoke_WhenRegistrationException_SetsBadRequestStatusCode" computerName="USER-KOMPUTER" duration="00:00:00.0010000" startTime="2019-08-18T14:21:10.5642290+02:00" endTime="2019-08-18T14:21:10.5642294+02:00" testType="13cdc9d9-ddb5-4fa4-a97d-d965ccfc6d4b" outcome="Passed" testListId="8c84fa94-04c1-424b-9868-57a2d4851a1d" relativeResultsDirectory="b143fe28-f5dc-4b11-a2f6-8fa9e3dbbc1e" />
    <UnitTestResult executionId="47ce751f-2509-4a31-bbdc-9023d9d33123" testId="2f862c73-6827-e183-5ba7-0f92654a26eb" testName="ToDoListApi.Tests.ToDoListControllerTests.UpdateToDo_ByDefault_ReturnsOkObjectResult" computerName="USER-KOMPUTER" duration="00:00:00.0020000" startTime="2019-08-18T14:21:10.6794827+02:00" endTime="2019-08-18T14:21:10.6794831+02:00" testType="13cdc9d9-ddb5-4fa4-a97d-d965ccfc6d4b" outcome="Passed" testListId="8c84fa94-04c1-424b-9868-57a2d4851a1d" relativeResultsDirectory="47ce751f-2509-4a31-bbdc-9023d9d33123" />
    <UnitTestResult executionId="0f665837-9205-4a43-a76d-7e526c4437e9" testId="ac5d38fb-058c-ab80-40bc-c97799128f76" testName="ToDoListApi.Tests.CustomExceptionHandlerMiddlewareTests.Invoke_WhenRegistrationException_WritesProblemDetails" computerName="USER-KOMPUTER" duration="00:00:00.0030000" startTime="2019-08-18T14:21:10.4964578+02:00" endTime="2019-08-18T14:21:10.4964580+02:00" testType="13cdc9d9-ddb5-4fa4-a97d-d965ccfc6d4b" outcome="Passed" testListId="8c84fa94-04c1-424b-9868-57a2d4851a1d" relativeResultsDirectory="0f665837-9205-4a43-a76d-7e526c4437e9" />
    <UnitTestResult executionId="046204bb-4222-4bb5-a711-41a928689193" testId="87e0b9c2-8f31-986c-3e90-4ecaa67f934b" testName="ToDoListApi.Tests.ToDoListControllerTests.DeleteToDo_WhenNotFound_ThrowsException" computerName="USER-KOMPUTER" duration="00:00:00.2310000" startTime="2019-08-18T14:21:10.6569682+02:00" endTime="2019-08-18T14:21:10.6569687+02:00" testType="13cdc9d9-ddb5-4fa4-a97d-d965ccfc6d4b" outcome="Passed" testListId="8c84fa94-04c1-424b-9868-57a2d4851a1d" relativeResultsDirectory="046204bb-4222-4bb5-a711-41a928689193" />
    <UnitTestResult executionId="92607c17-90a9-4290-bf8e-8e5c5aae9f66" testId="5e26ea6d-5002-e636-5b8f-39484cb491fb" testName="ToDoListApi.Tests.ToDoListControllerTests.GetToDos_ByDefault_ReturnsOkObjectResult" computerName="USER-KOMPUTER" duration="00:00:00.0020000" startTime="2019-08-18T14:21:10.6863741+02:00" endTime="2019-08-18T14:21:10.6863745+02:00" testType="13cdc9d9-ddb5-4fa4-a97d-d965ccfc6d4b" outcome="Passed" testListId="8c84fa94-04c1-424b-9868-57a2d4851a1d" relativeResultsDirectory="92607c17-90a9-4290-bf8e-8e5c5aae9f66" />
    <UnitTestResult executionId="8e22ee60-11fa-47e4-82b4-8d5255e02d5c" testId="fcee21ce-d0ef-acd5-ff0f-75d10a05ae73" testName="ToDoListApi.Tests.ToDoListControllerTests.AddToDo_ByDefault_ReturnsOkObjectResult" computerName="USER-KOMPUTER" duration="00:00:00.0020000" startTime="2019-08-18T14:21:10.6820369+02:00" endTime="2019-08-18T14:21:10.6820372+02:00" testType="13cdc9d9-ddb5-4fa4-a97d-d965ccfc6d4b" outcome="Passed" testListId="8c84fa94-04c1-424b-9868-57a2d4851a1d" relativeResultsDirectory="8e22ee60-11fa-47e4-82b4-8d5255e02d5c" />
    <UnitTestResult executionId="c70f0896-a65c-43f7-b581-6e930323102e" testId="a407264d-5c1b-fad9-5f01-106bdef2155a" testName="ToDoListApi.Tests.UserControllerTests.Register_WhenAlreadyExists_ThrowsResourceAlreadyExistsException" computerName="USER-KOMPUTER" duration="00:00:00.0150000" startTime="2019-08-18T14:21:10.6586050+02:00" endTime="2019-08-18T14:21:10.6586059+02:00" testType="13cdc9d9-ddb5-4fa4-a97d-d965ccfc6d4b" outcome="Passed" testListId="8c84fa94-04c1-424b-9868-57a2d4851a1d" relativeResultsDirectory="c70f0896-a65c-43f7-b581-6e930323102e" />
    <UnitTestResult executionId="de914ed7-6923-4468-b453-d099f32fadaa" testId="032abfa7-d8b4-98f9-7922-68eda5552a13" testName="ToDoListApi.Tests.ToDoRepositoryTests.GetToDos_ByDefault_ReturnsToDosCollection" computerName="USER-KOMPUTER" duration="00:00:00.0010000" startTime="2019-08-18T14:21:11.3498422+02:00" endTime="2019-08-18T14:21:11.3498425+02:00" testType="13cdc9d9-ddb5-4fa4-a97d-d965ccfc6d4b" outcome="Passed" testListId="8c84fa94-04c1-424b-9868-57a2d4851a1d" relativeResultsDirectory="de914ed7-6923-4468-b453-d099f32fadaa" />
    <UnitTestResult executionId="5addefd4-46d0-4b76-a998-2ba7e934bb66" testId="1d5a8f6c-4d6a-6436-144f-0d12c0117e88" testName="ToDoListApi.Tests.ToDoRepositoryTests.DeleteToDo_WhenToDoNotFound_ThrowsResourceNotFoundException" computerName="USER-KOMPUTER" duration="00:00:00.0030000" startTime="2019-08-18T14:21:11.3491496+02:00" endTime="2019-08-18T14:21:11.3491498+02:00" testType="13cdc9d9-ddb5-4fa4-a97d-d965ccfc6d4b" outcome="Passed" testListId="8c84fa94-04c1-424b-9868-57a2d4851a1d" relativeResultsDirectory="5addefd4-46d0-4b76-a998-2ba7e934bb66" />
    <UnitTestResult executionId="fe12a065-19a1-49c3-be77-47538f47c24f" testId="c2b592f2-7671-fcf9-9d42-259149c1440b" testName="ToDoListApi.Tests.ToDoListControllerTests.UpdateToDo_WhenNotFound_ThrowsException" computerName="USER-KOMPUTER" duration="00:00:00.0200000" startTime="2019-08-18T14:21:10.6773059+02:00" endTime="2019-08-18T14:21:10.6773062+02:00" testType="13cdc9d9-ddb5-4fa4-a97d-d965ccfc6d4b" outcome="Passed" testListId="8c84fa94-04c1-424b-9868-57a2d4851a1d" relativeResultsDirectory="fe12a065-19a1-49c3-be77-47538f47c24f" />
    <UnitTestResult executionId="82cf5f07-e50c-490a-83bf-b06b6ff4e0f2" testId="e9cacf45-ec7d-24fd-4b3b-92af93c804be" testName="ToDoListApi.Tests.ToDoRepositoryTests.UpdateToDo_WhenToDoNotFound_ThrowsResourceNotFoundException" computerName="USER-KOMPUTER" duration="00:00:00.0020000" startTime="2019-08-18T14:21:11.3518851+02:00" endTime="2019-08-18T14:21:11.3518853+02:00" testType="13cdc9d9-ddb5-4fa4-a97d-d965ccfc6d4b" outcome="Passed" testListId="8c84fa94-04c1-424b-9868-57a2d4851a1d" relativeResultsDirectory="82cf5f07-e50c-490a-83bf-b06b6ff4e0f2" />
    <UnitTestResult executionId="149ee49c-39b6-428e-b32d-99d20237ce11" testId="b0bbbd41-7dc6-eb7b-a597-3789851064c2" testName="ToDoListApi.Tests.ToDoListControllerTests.DeleteToDo_ByDefault_ReturnsOkObjectResult" computerName="USER-KOMPUTER" duration="00:00:00.0020000" startTime="2019-08-18T14:21:10.6842035+02:00" endTime="2019-08-18T14:21:10.6842038+02:00" testType="13cdc9d9-ddb5-4fa4-a97d-d965ccfc6d4b" outcome="Passed" testListId="8c84fa94-04c1-424b-9868-57a2d4851a1d" relativeResultsDirectory="149ee49c-39b6-428e-b32d-99d20237ce11" />
    <UnitTestResult executionId="91c14286-b799-459a-a176-799e2f515bd7" testId="ae3d2dd1-5333-6afd-716b-566eeba33f4c" testName="ToDoListApi.Tests.ToDoServiceTests.AddToDo_ByDefault_ReturnsToDoViewModelList" computerName="USER-KOMPUTER" duration="00:00:00.0110000" startTime="2019-08-18T14:21:10.7079996+02:00" endTime="2019-08-18T14:21:10.7079999+02:00" testType="13cdc9d9-ddb5-4fa4-a97d-d965ccfc6d4b" outcome="Passed" testListId="8c84fa94-04c1-424b-9868-57a2d4851a1d" relativeResultsDirectory="91c14286-b799-459a-a176-799e2f515bd7" />
    <UnitTestResult executionId="60e08c46-92c9-445e-b071-6012cf32b6c2" testId="6774488f-5b18-a0ce-a576-5ece004b3268" testName="ToDoListApi.Tests.CustomExceptionHandlerMiddlewareTests.Invoke_WhenPasswordValidationException_WritesProblemDetails" computerName="USER-KOMPUTER" duration="00:00:00.0020000" startTime="2019-08-18T14:21:10.4963842+02:00" endTime="2019-08-18T14:21:10.4963844+02:00" testType="13cdc9d9-ddb5-4fa4-a97d-d965ccfc6d4b" outcome="Passed" testListId="8c84fa94-04c1-424b-9868-57a2d4851a1d" relativeResultsDirectory="60e08c46-92c9-445e-b071-6012cf32b6c2" />
    <UnitTestResult executionId="259844e3-4f88-4ec1-82aa-6e4bed13bb66" testId="eaae0e17-57a7-42ad-7783-7d38569b9ee2" testName="ToDoListApi.Tests.UserControllerTests.Login_WhenNotFound_ThrowsResourceNotFoundException" computerName="USER-KOMPUTER" duration="00:00:00.0180000" startTime="2019-08-18T14:21:10.7075818+02:00" endTime="2019-08-18T14:21:10.7075824+02:00" testType="13cdc9d9-ddb5-4fa4-a97d-d965ccfc6d4b" outcome="Passed" testListId="8c84fa94-04c1-424b-9868-57a2d4851a1d" relativeResultsDirectory="259844e3-4f88-4ec1-82aa-6e4bed13bb66" />
    <UnitTestResult executionId="bb5ac2df-f08d-46d7-b5cb-a89d95edc134" testId="defc2bae-b05d-0059-582d-a09acc2a5664" testName="ToDoListApi.Tests.CustomExceptionHandlerMiddlewareTests.Invoke_WhenResourceAlreadyExistsException_WritesProblemDetails" computerName="USER-KOMPUTER" duration="00:00:00.0020000" startTime="2019-08-18T14:21:10.4980125+02:00" endTime="2019-08-18T14:21:10.4980128+02:00" testType="13cdc9d9-ddb5-4fa4-a97d-d965ccfc6d4b" outcome="Passed" testListId="8c84fa94-04c1-424b-9868-57a2d4851a1d" relativeResultsDirectory="bb5ac2df-f08d-46d7-b5cb-a89d95edc134" />
    <UnitTestResult executionId="19e8d025-ce2e-49c1-b145-b69a44f4d3ec" testId="a4ed0bb5-6a17-0b21-6c60-06211b605756" testName="ToDoListApi.Tests.ToDoRepositoryTests.UpdateToDo_ByDefault_ReturnsUpdatedToDo" computerName="USER-KOMPUTER" duration="00:00:00.0010000" startTime="2019-08-18T14:21:11.3526750+02:00" endTime="2019-08-18T14:21:11.3526752+02:00" testType="13cdc9d9-ddb5-4fa4-a97d-d965ccfc6d4b" outcome="Passed" testListId="8c84fa94-04c1-424b-9868-57a2d4851a1d" relativeResultsDirectory="19e8d025-ce2e-49c1-b145-b69a44f4d3ec" />
    <UnitTestResult executionId="6ccc8fd2-306d-4e46-b875-ea6aa2e72b1a" testId="82fa830b-3aed-b367-9c53-3613b2cad19c" testName="ToDoListApi.Tests.UserServiceTests.GetUser_ByDefault_ReturnsAppUser" computerName="USER-KOMPUTER" duration="00:00:00.0040000" startTime="2019-08-18T14:21:10.7129794+02:00" endTime="2019-08-18T14:21:10.7129798+02:00" testType="13cdc9d9-ddb5-4fa4-a97d-d965ccfc6d4b" outcome="Passed" testListId="8c84fa94-04c1-424b-9868-57a2d4851a1d" relativeResultsDirectory="6ccc8fd2-306d-4e46-b875-ea6aa2e72b1a" />
    <UnitTestResult executionId="6520e780-f366-4f70-89ac-10443dc8cfdf" testId="3c156df9-5e58-4643-7f69-3652d917baa9" testName="ToDoListApi.Tests.UserServiceTests.Register_WhenNotSucceeded_ThrowsRegistrationException" computerName="USER-KOMPUTER" duration="00:00:00.0020000" startTime="2019-08-18T14:21:10.7222329+02:00" endTime="2019-08-18T14:21:10.7222332+02:00" testType="13cdc9d9-ddb5-4fa4-a97d-d965ccfc6d4b" outcome="Passed" testListId="8c84fa94-04c1-424b-9868-57a2d4851a1d" relativeResultsDirectory="6520e780-f366-4f70-89ac-10443dc8cfdf" />
    <UnitTestResult executionId="6ca3fd44-0cdd-4224-b71c-91743b9d493c" testId="aeae4750-fc20-3e50-1faa-eb8fd81dc93b" testName="ToDoListApi.Tests.UserServiceTests.GetUser_WhenNotFound_ThrowsResourceNotFoundException" computerName="USER-KOMPUTER" duration="00:00:00.0020000" startTime="2019-08-18T14:21:10.7147869+02:00" endTime="2019-08-18T14:21:10.7147872+02:00" testType="13cdc9d9-ddb5-4fa4-a97d-d965ccfc6d4b" outcome="Passed" testListId="8c84fa94-04c1-424b-9868-57a2d4851a1d" relativeResultsDirectory="6ca3fd44-0cdd-4224-b71c-91743b9d493c" />
    <UnitTestResult executionId="ace57629-93e9-4279-a2ef-bfac9b9b2ea7" testId="4de0d2c6-493e-bf8d-0d18-9f8063a651b9" testName="ToDoListApi.Tests.ToDoServiceTests.DeleteToDo_ByDefault_ReturnsToDoViewModelList" computerName="USER-KOMPUTER" duration="00:00:00.1660000" startTime="2019-08-18T14:21:10.6827811+02:00" endTime="2019-08-18T14:21:10.6827815+02:00" testType="13cdc9d9-ddb5-4fa4-a97d-d965ccfc6d4b" outcome="Passed" testListId="8c84fa94-04c1-424b-9868-57a2d4851a1d" relativeResultsDirectory="ace57629-93e9-4279-a2ef-bfac9b9b2ea7" />
    <UnitTestResult executionId="6cec88a9-a05e-4048-a0d9-e697e8cc17f2" testId="8c686979-d0cc-83c0-2ffb-1ab51b84c3c0" testName="ToDoListApi.Tests.CustomExceptionHandlerMiddlewareTests.Invoke_WhenResourceNotFoundException_SetsNotFoundStatusCode" computerName="USER-KOMPUTER" duration="00:00:00.0020000" startTime="2019-08-18T14:21:10.4995903+02:00" endTime="2019-08-18T14:21:10.4995906+02:00" testType="13cdc9d9-ddb5-4fa4-a97d-d965ccfc6d4b" outcome="Passed" testListId="8c84fa94-04c1-424b-9868-57a2d4851a1d" relativeResultsDirectory="6cec88a9-a05e-4048-a0d9-e697e8cc17f2" />
    <UnitTestResult executionId="9a6012bf-43b8-4fa8-886b-6ca856788b37" testId="7725b41e-6131-f3d1-09ed-c4cd6120786b" testName="ToDoListApi.Tests.CustomExceptionHandlerMiddlewareTests.Invoke_WhenPasswordValidationException_SetsBadRequestStatusCode" computerName="USER-KOMPUTER" duration="00:00:00.0490000" startTime="2019-08-18T14:21:10.4845722+02:00" endTime="2019-08-18T14:21:10.4845761+02:00" testType="13cdc9d9-ddb5-4fa4-a97d-d965ccfc6d4b" outcome="Passed" testListId="8c84fa94-04c1-424b-9868-57a2d4851a1d" relativeResultsDirectory="9a6012bf-43b8-4fa8-886b-6ca856788b37" />
    <UnitTestResult executionId="4449990e-5adb-4d1a-b18a-a9c8e932901a" testId="5d2ecf54-5f31-dac0-364d-8d815572c29c" testName="ToDoListApi.Tests.UserControllerTests.GetUser_ByDefault_ReturnsOkObjectResult" computerName="USER-KOMPUTER" duration="00:00:00.0010000" startTime="2019-08-18T14:21:10.6891879+02:00" endTime="2019-08-18T14:21:10.6891882+02:00" testType="13cdc9d9-ddb5-4fa4-a97d-d965ccfc6d4b" outcome="Passed" testListId="8c84fa94-04c1-424b-9868-57a2d4851a1d" relativeResultsDirectory="4449990e-5adb-4d1a-b18a-a9c8e932901a" />
    <UnitTestResult executionId="96a6a67a-1bf8-48a8-bb3a-1436a663ad90" testId="6b8fb93f-bc50-4ee3-2da4-4cc21ba7b09d" testName="ToDoListApi.Tests.ToDoServiceTests.GetToDos_ByDefault_ReturnsToDoViewModelList" computerName="USER-KOMPUTER" duration="00:00:00.0030000" startTime="2019-08-18T14:21:10.7146088+02:00" endTime="2019-08-18T14:21:10.7146090+02:00" testType="13cdc9d9-ddb5-4fa4-a97d-d965ccfc6d4b" outcome="Passed" testListId="8c84fa94-04c1-424b-9868-57a2d4851a1d" relativeResultsDirectory="96a6a67a-1bf8-48a8-bb3a-1436a663ad90" />
    <UnitTestResult executionId="5c530fc0-1e60-409f-b14b-882f3b17e30c" testId="23cb0140-2048-ffd2-2687-b14d74aa7b01" testName="ToDoListApi.Tests.CustomExceptionHandlerMiddlewareTests.Invoke_WhenResourceAlreadyExistsException_SetsConflictStatusCode" computerName="USER-KOMPUTER" duration="00:00:00.0070000" startTime="2019-08-18T14:21:10.5647682+02:00" endTime="2019-08-18T14:21:10.5647684+02:00" testType="13cdc9d9-ddb5-4fa4-a97d-d965ccfc6d4b" outcome="Passed" testListId="8c84fa94-04c1-424b-9868-57a2d4851a1d" relativeResultsDirectory="5c530fc0-1e60-409f-b14b-882f3b17e30c" />
    <UnitTestResult executionId="94c01710-f989-4f28-b104-9d42e63773a5" testId="051bdce2-6bd0-67bb-1dec-00bba9c72f7f" testName="ToDoListApi.Tests.CustomExceptionHandlerMiddlewareTests.Invoke_WhenResourceNotFoundException_WritesProblemDetails" computerName="USER-KOMPUTER" duration="00:00:00.0110000" startTime="2019-08-18T14:21:10.4962582+02:00" endTime="2019-08-18T14:21:10.4962585+02:00" testType="13cdc9d9-ddb5-4fa4-a97d-d965ccfc6d4b" outcome="Passed" testListId="8c84fa94-04c1-424b-9868-57a2d4851a1d" relativeResultsDirectory="94c01710-f989-4f28-b104-9d42e63773a5" />
    <UnitTestResult executionId="fe8fb959-addb-4cce-b371-9c451ac0ba40" testId="89e9c35e-f883-f7af-bbe6-7b578f18abd2" testName="ToDoListApi.Tests.UserControllerTests.Register_WhenErrorOccured_ThrowsRegistrationException" computerName="USER-KOMPUTER" duration="00:00:00.0030000" startTime="2019-08-18T14:21:10.6877797+02:00" endTime="2019-08-18T14:21:10.6877802+02:00" testType="13cdc9d9-ddb5-4fa4-a97d-d965ccfc6d4b" outcome="Passed" testListId="8c84fa94-04c1-424b-9868-57a2d4851a1d" relativeResultsDirectory="fe8fb959-addb-4cce-b371-9c451ac0ba40" />
  </Results>
  <TestDefinitions>
    <UnitTest name="ToDoListApi.Tests.CustomExceptionHandlerMiddlewareTests.Invoke_WhenRegistrationException_SetsBadRequestStatusCode" storage="c:\users\user\riderprojects\todolistapp\backend\test\todolistapi.tests\bin\debug\netcoreapp2.2\todolistapi.tests.dll" id="17a64cc4-f72d-82ce-e615-b5687e6b1ca1">
      <Execution id="b143fe28-f5dc-4b11-a2f6-8fa9e3dbbc1e" />
      <TestMethod codeBase="C:\Users\User\RiderProjects\ToDoListApp\backend\test\ToDoListApi.Tests\bin\Debug\netcoreapp2.2\ToDoListApi.Tests.dll" adapterTypeName="executor://xunit/VsTestRunner2/netcoreapp" className="ToDoListApi.Tests" name="ToDoListApi.Tests.CustomExceptionHandlerMiddlewareTests.Invoke_WhenRegistrationException_SetsBadRequestStatusCode" />
    </UnitTest>
    <UnitTest name="ToDoListApi.Tests.ToDoRepositoryTests.UpdateToDo_ByDefault_ReturnsUpdatedToDo" storage="c:\users\user\riderprojects\todolistapp\backend\test\todolistapi.tests\bin\debug\netcoreapp2.2\todolistapi.tests.dll" id="a4ed0bb5-6a17-0b21-6c60-06211b605756">
      <Execution id="19e8d025-ce2e-49c1-b145-b69a44f4d3ec" />
      <TestMethod codeBase="C:\Users\User\RiderProjects\ToDoListApp\backend\test\ToDoListApi.Tests\bin\Debug\netcoreapp2.2\ToDoListApi.Tests.dll" adapterTypeName="executor://xunit/VsTestRunner2/netcoreapp" className="ToDoListApi.Tests" name="ToDoListApi.Tests.ToDoRepositoryTests.UpdateToDo_ByDefault_ReturnsUpdatedToDo" />
    </UnitTest>
    <UnitTest name="ToDoListApi.Tests.UserControllerTests.GetUser_ByDefault_ReturnsOkObjectResult" storage="c:\users\user\riderprojects\todolistapp\backend\test\todolistapi.tests\bin\debug\netcoreapp2.2\todolistapi.tests.dll" id="5d2ecf54-5f31-dac0-364d-8d815572c29c">
      <Execution id="4449990e-5adb-4d1a-b18a-a9c8e932901a" />
      <TestMethod codeBase="C:\Users\User\RiderProjects\ToDoListApp\backend\test\ToDoListApi.Tests\bin\Debug\netcoreapp2.2\ToDoListApi.Tests.dll" adapterTypeName="executor://xunit/VsTestRunner2/netcoreapp" className="ToDoListApi.Tests" name="ToDoListApi.Tests.UserControllerTests.GetUser_ByDefault_ReturnsOkObjectResult" />
    </UnitTest>
    <UnitTest name="ToDoListApi.Tests.ToDoServiceTests.DeleteToDo_ByDefault_ReturnsToDoViewModelList" storage="c:\users\user\riderprojects\todolistapp\backend\test\todolistapi.tests\bin\debug\netcoreapp2.2\todolistapi.tests.dll" id="4de0d2c6-493e-bf8d-0d18-9f8063a651b9">
      <Execution id="ace57629-93e9-4279-a2ef-bfac9b9b2ea7" />
      <TestMethod codeBase="C:\Users\User\RiderProjects\ToDoListApp\backend\test\ToDoListApi.Tests\bin\Debug\netcoreapp2.2\ToDoListApi.Tests.dll" adapterTypeName="executor://xunit/VsTestRunner2/netcoreapp" className="ToDoListApi.Tests" name="ToDoListApi.Tests.ToDoServiceTests.DeleteToDo_ByDefault_ReturnsToDoViewModelList" />
    </UnitTest>
    <UnitTest name="ToDoListApi.Tests.ToDoListControllerTests.UpdateToDo_WhenNotFound_ThrowsException" storage="c:\users\user\riderprojects\todolistapp\backend\test\todolistapi.tests\bin\debug\netcoreapp2.2\todolistapi.tests.dll" id="c2b592f2-7671-fcf9-9d42-259149c1440b">
      <Execution id="fe12a065-19a1-49c3-be77-47538f47c24f" />
      <TestMethod codeBase="C:\Users\User\RiderProjects\ToDoListApp\backend\test\ToDoListApi.Tests\bin\Debug\netcoreapp2.2\ToDoListApi.Tests.dll" adapterTypeName="executor://xunit/VsTestRunner2/netcoreapp" className="ToDoListApi.Tests" name="ToDoListApi.Tests.ToDoListControllerTests.UpdateToDo_WhenNotFound_ThrowsException" />
    </UnitTest>
    <UnitTest name="ToDoListApi.Tests.CustomExceptionHandlerMiddlewareTests.Invoke_WhenResourceNotFoundException_WritesProblemDetails" storage="c:\users\user\riderprojects\todolistapp\backend\test\todolistapi.tests\bin\debug\netcoreapp2.2\todolistapi.tests.dll" id="051bdce2-6bd0-67bb-1dec-00bba9c72f7f">
      <Execution id="94c01710-f989-4f28-b104-9d42e63773a5" />
      <TestMethod codeBase="C:\Users\User\RiderProjects\ToDoListApp\backend\test\ToDoListApi.Tests\bin\Debug\netcoreapp2.2\ToDoListApi.Tests.dll" adapterTypeName="executor://xunit/VsTestRunner2/netcoreapp" className="ToDoListApi.Tests" name="ToDoListApi.Tests.CustomExceptionHandlerMiddlewareTests.Invoke_WhenResourceNotFoundException_WritesProblemDetails" />
    </UnitTest>
    <UnitTest name="ToDoListApi.Tests.UserServiceTests.Login_ByDefault_ReturnsStringToken" storage="c:\users\user\riderprojects\todolistapp\backend\test\todolistapi.tests\bin\debug\netcoreapp2.2\todolistapi.tests.dll" id="f2321ffb-392f-a3c9-4469-ff13a725522b">
      <Execution id="76fe774a-a3d1-4f77-9633-1f743d0ef11d" />
      <TestMethod codeBase="C:\Users\User\RiderProjects\ToDoListApp\backend\test\ToDoListApi.Tests\bin\Debug\netcoreapp2.2\ToDoListApi.Tests.dll" adapterTypeName="executor://xunit/VsTestRunner2/netcoreapp" className="ToDoListApi.Tests" name="ToDoListApi.Tests.UserServiceTests.Login_ByDefault_ReturnsStringToken" />
    </UnitTest>
    <UnitTest name="ToDoListApi.Tests.CustomExceptionHandlerMiddlewareTests.Invoke_WhenRegistrationException_WritesProblemDetails" storage="c:\users\user\riderprojects\todolistapp\backend\test\todolistapi.tests\bin\debug\netcoreapp2.2\todolistapi.tests.dll" id="ac5d38fb-058c-ab80-40bc-c97799128f76">
      <Execution id="0f665837-9205-4a43-a76d-7e526c4437e9" />
      <TestMethod codeBase="C:\Users\User\RiderProjects\ToDoListApp\backend\test\ToDoListApi.Tests\bin\Debug\netcoreapp2.2\ToDoListApi.Tests.dll" adapterTypeName="executor://xunit/VsTestRunner2/netcoreapp" className="ToDoListApi.Tests" name="ToDoListApi.Tests.CustomExceptionHandlerMiddlewareTests.Invoke_WhenRegistrationException_WritesProblemDetails" />
    </UnitTest>
    <UnitTest name="ToDoListApi.Tests.CustomExceptionHandlerMiddlewareTests.Invoke_WhenPasswordValidationException_WritesProblemDetails" storage="c:\users\user\riderprojects\todolistapp\backend\test\todolistapi.tests\bin\debug\netcoreapp2.2\todolistapi.tests.dll" id="6774488f-5b18-a0ce-a576-5ece004b3268">
      <Execution id="60e08c46-92c9-445e-b071-6012cf32b6c2" />
      <TestMethod codeBase="C:\Users\User\RiderProjects\ToDoListApp\backend\test\ToDoListApi.Tests\bin\Debug\netcoreapp2.2\ToDoListApi.Tests.dll" adapterTypeName="executor://xunit/VsTestRunner2/netcoreapp" className="ToDoListApi.Tests" name="ToDoListApi.Tests.CustomExceptionHandlerMiddlewareTests.Invoke_WhenPasswordValidationException_WritesProblemDetails" />
    </UnitTest>
    <UnitTest name="ToDoListApi.Tests.ToDoServiceTests.UpdateToDo_WhenNotFound_ThrowsResourceNotFoundException" storage="c:\users\user\riderprojects\todolistapp\backend\test\todolistapi.tests\bin\debug\netcoreapp2.2\todolistapi.tests.dll" id="75d729a4-8445-7cde-1cef-1a01bcf19fd3">
      <Execution id="30d24e92-1815-4237-938d-cf129e11cad9" />
      <TestMethod codeBase="C:\Users\User\RiderProjects\ToDoListApp\backend\test\ToDoListApi.Tests\bin\Debug\netcoreapp2.2\ToDoListApi.Tests.dll" adapterTypeName="executor://xunit/VsTestRunner2/netcoreapp" className="ToDoListApi.Tests" name="ToDoListApi.Tests.ToDoServiceTests.UpdateToDo_WhenNotFound_ThrowsResourceNotFoundException" />
    </UnitTest>
    <UnitTest name="ToDoListApi.Tests.CustomExceptionHandlerMiddlewareTests.Invoke_WhenPasswordValidationException_SetsBadRequestStatusCode" storage="c:\users\user\riderprojects\todolistapp\backend\test\todolistapi.tests\bin\debug\netcoreapp2.2\todolistapi.tests.dll" id="7725b41e-6131-f3d1-09ed-c4cd6120786b">
      <Execution id="9a6012bf-43b8-4fa8-886b-6ca856788b37" />
      <TestMethod codeBase="C:\Users\User\RiderProjects\ToDoListApp\backend\test\ToDoListApi.Tests\bin\Debug\netcoreapp2.2\ToDoListApi.Tests.dll" adapterTypeName="executor://xunit/VsTestRunner2/netcoreapp" className="ToDoListApi.Tests" name="ToDoListApi.Tests.CustomExceptionHandlerMiddlewareTests.Invoke_WhenPasswordValidationException_SetsBadRequestStatusCode" />
    </UnitTest>
    <UnitTest name="ToDoListApi.Tests.UserControllerTests.Register_WhenAlreadyExists_ThrowsResourceAlreadyExistsException" storage="c:\users\user\riderprojects\todolistapp\backend\test\todolistapi.tests\bin\debug\netcoreapp2.2\todolistapi.tests.dll" id="a407264d-5c1b-fad9-5f01-106bdef2155a">
      <Execution id="c70f0896-a65c-43f7-b581-6e930323102e" />
      <TestMethod codeBase="C:\Users\User\RiderProjects\ToDoListApp\backend\test\ToDoListApi.Tests\bin\Debug\netcoreapp2.2\ToDoListApi.Tests.dll" adapterTypeName="executor://xunit/VsTestRunner2/netcoreapp" className="ToDoListApi.Tests" name="ToDoListApi.Tests.UserControllerTests.Register_WhenAlreadyExists_ThrowsResourceAlreadyExistsException" />
    </UnitTest>
    <UnitTest name="ToDoListApi.Tests.ToDoRepositoryTests.DeleteToDo_ByDefault_ReturnsToDosCollection" storage="c:\users\user\riderprojects\todolistapp\backend\test\todolistapi.tests\bin\debug\netcoreapp2.2\todolistapi.tests.dll" id="0693012c-ff3f-ce53-8f95-a1a3e6c5d21f">
      <Execution id="cc56e0e4-ea57-46ea-8e6b-f3052982cd72" />
      <TestMethod codeBase="C:\Users\User\RiderProjects\ToDoListApp\backend\test\ToDoListApi.Tests\bin\Debug\netcoreapp2.2\ToDoListApi.Tests.dll" adapterTypeName="executor://xunit/VsTestRunner2/netcoreapp" className="ToDoListApi.Tests" name="ToDoListApi.Tests.ToDoRepositoryTests.DeleteToDo_ByDefault_ReturnsToDosCollection" />
    </UnitTest>
    <UnitTest name="ToDoListApi.Tests.ToDoListControllerTests.UpdateToDo_ByDefault_ReturnsOkObjectResult" storage="c:\users\user\riderprojects\todolistapp\backend\test\todolistapi.tests\bin\debug\netcoreapp2.2\todolistapi.tests.dll" id="2f862c73-6827-e183-5ba7-0f92654a26eb">
      <Execution id="47ce751f-2509-4a31-bbdc-9023d9d33123" />
      <TestMethod codeBase="C:\Users\User\RiderProjects\ToDoListApp\backend\test\ToDoListApi.Tests\bin\Debug\netcoreapp2.2\ToDoListApi.Tests.dll" adapterTypeName="executor://xunit/VsTestRunner2/netcoreapp" className="ToDoListApi.Tests" name="ToDoListApi.Tests.ToDoListControllerTests.UpdateToDo_ByDefault_ReturnsOkObjectResult" />
    </UnitTest>
    <UnitTest name="ToDoListApi.Tests.CustomExceptionHandlerMiddlewareTests.Invoke_WhenResourceAlreadyExistsException_WritesProblemDetails" storage="c:\users\user\riderprojects\todolistapp\backend\test\todolistapi.tests\bin\debug\netcoreapp2.2\todolistapi.tests.dll" id="defc2bae-b05d-0059-582d-a09acc2a5664">
      <Execution id="bb5ac2df-f08d-46d7-b5cb-a89d95edc134" />
      <TestMethod codeBase="C:\Users\User\RiderProjects\ToDoListApp\backend\test\ToDoListApi.Tests\bin\Debug\netcoreapp2.2\ToDoListApi.Tests.dll" adapterTypeName="executor://xunit/VsTestRunner2/netcoreapp" className="ToDoListApi.Tests" name="ToDoListApi.Tests.CustomExceptionHandlerMiddlewareTests.Invoke_WhenResourceAlreadyExistsException_WritesProblemDetails" />
    </UnitTest>
    <UnitTest name="ToDoListApi.Tests.UserControllerTests.Login_WhenNotFound_ThrowsResourceNotFoundException" storage="c:\users\user\riderprojects\todolistapp\backend\test\todolistapi.tests\bin\debug\netcoreapp2.2\todolistapi.tests.dll" id="eaae0e17-57a7-42ad-7783-7d38569b9ee2">
      <Execution id="259844e3-4f88-4ec1-82aa-6e4bed13bb66" />
      <TestMethod codeBase="C:\Users\User\RiderProjects\ToDoListApp\backend\test\ToDoListApi.Tests\bin\Debug\netcoreapp2.2\ToDoListApi.Tests.dll" adapterTypeName="executor://xunit/VsTestRunner2/netcoreapp" className="ToDoListApi.Tests" name="ToDoListApi.Tests.UserControllerTests.Login_WhenNotFound_ThrowsResourceNotFoundException" />
    </UnitTest>
    <UnitTest name="ToDoListApi.Tests.UserControllerTests.Register_ByDefault_ReturnsOkObjectResult" storage="c:\users\user\riderprojects\todolistapp\backend\test\todolistapi.tests\bin\debug\netcoreapp2.2\todolistapi.tests.dll" id="b84dbc80-27bb-c2d1-40df-a4ad1f4b40e2">
      <Execution id="d039651f-c4c1-4d5b-8c7b-ae71da5d3b99" />
      <TestMethod codeBase="C:\Users\User\RiderProjects\ToDoListApp\backend\test\ToDoListApi.Tests\bin\Debug\netcoreapp2.2\ToDoListApi.Tests.dll" adapterTypeName="executor://xunit/VsTestRunner2/netcoreapp" className="ToDoListApi.Tests" name="ToDoListApi.Tests.UserControllerTests.Register_ByDefault_ReturnsOkObjectResult" />
    </UnitTest>
    <UnitTest name="ToDoListApi.Tests.ToDoServiceTests.DeleteToDo_WhenNotFound_ThrowsResourceNotFoundException" storage="c:\users\user\riderprojects\todolistapp\backend\test\todolistapi.tests\bin\debug\netcoreapp2.2\todolistapi.tests.dll" id="2befb066-b22b-4b19-05fb-eebdc029d5ca">
      <Execution id="e7ea756b-cddf-4ee4-b607-d4b137824b46" />
      <TestMethod codeBase="C:\Users\User\RiderProjects\ToDoListApp\backend\test\ToDoListApi.Tests\bin\Debug\netcoreapp2.2\ToDoListApi.Tests.dll" adapterTypeName="executor://xunit/VsTestRunner2/netcoreapp" className="ToDoListApi.Tests" name="ToDoListApi.Tests.ToDoServiceTests.DeleteToDo_WhenNotFound_ThrowsResourceNotFoundException" />
    </UnitTest>
    <UnitTest name="ToDoListApi.Tests.ToDoListControllerTests.AddToDo_ByDefault_ReturnsOkObjectResult" storage="c:\users\user\riderprojects\todolistapp\backend\test\todolistapi.tests\bin\debug\netcoreapp2.2\todolistapi.tests.dll" id="fcee21ce-d0ef-acd5-ff0f-75d10a05ae73">
      <Execution id="8e22ee60-11fa-47e4-82b4-8d5255e02d5c" />
      <TestMethod codeBase="C:\Users\User\RiderProjects\ToDoListApp\backend\test\ToDoListApi.Tests\bin\Debug\netcoreapp2.2\ToDoListApi.Tests.dll" adapterTypeName="executor://xunit/VsTestRunner2/netcoreapp" className="ToDoListApi.Tests" name="ToDoListApi.Tests.ToDoListControllerTests.AddToDo_ByDefault_ReturnsOkObjectResult" />
    </UnitTest>
    <UnitTest name="ToDoListApi.Tests.ToDoListControllerTests.DeleteToDo_ByDefault_ReturnsOkObjectResult" storage="c:\users\user\riderprojects\todolistapp\backend\test\todolistapi.tests\bin\debug\netcoreapp2.2\todolistapi.tests.dll" id="b0bbbd41-7dc6-eb7b-a597-3789851064c2">
      <Execution id="149ee49c-39b6-428e-b32d-99d20237ce11" />
      <TestMethod codeBase="C:\Users\User\RiderProjects\ToDoListApp\backend\test\ToDoListApi.Tests\bin\Debug\netcoreapp2.2\ToDoListApi.Tests.dll" adapterTypeName="executor://xunit/VsTestRunner2/netcoreapp" className="ToDoListApi.Tests" name="ToDoListApi.Tests.ToDoListControllerTests.DeleteToDo_ByDefault_ReturnsOkObjectResult" />
    </UnitTest>
    <UnitTest name="ToDoListApi.Tests.UserServiceTests.GetUser_ByDefault_ReturnsAppUser" storage="c:\users\user\riderprojects\todolistapp\backend\test\todolistapi.tests\bin\debug\netcoreapp2.2\todolistapi.tests.dll" id="82fa830b-3aed-b367-9c53-3613b2cad19c">
      <Execution id="6ccc8fd2-306d-4e46-b875-ea6aa2e72b1a" />
      <TestMethod codeBase="C:\Users\User\RiderProjects\ToDoListApp\backend\test\ToDoListApi.Tests\bin\Debug\netcoreapp2.2\ToDoListApi.Tests.dll" adapterTypeName="executor://xunit/VsTestRunner2/netcoreapp" className="ToDoListApi.Tests" name="ToDoListApi.Tests.UserServiceTests.GetUser_ByDefault_ReturnsAppUser" />
    </UnitTest>
    <UnitTest name="ToDoListApi.Tests.UserControllerTests.Login_WhenIncorrectPassword_ThrowsPasswordValidationException" storage="c:\users\user\riderprojects\todolistapp\backend\test\todolistapi.tests\bin\debug\netcoreapp2.2\todolistapi.tests.dll" id="b6e0f80b-1b7d-f80f-b659-a8283afdd488">
      <Execution id="5f50bf53-24dd-425c-83af-0746d2134b91" />
      <TestMethod codeBase="C:\Users\User\RiderProjects\ToDoListApp\backend\test\ToDoListApi.Tests\bin\Debug\netcoreapp2.2\ToDoListApi.Tests.dll" adapterTypeName="executor://xunit/VsTestRunner2/netcoreapp" className="ToDoListApi.Tests" name="ToDoListApi.Tests.UserControllerTests.Login_WhenIncorrectPassword_ThrowsPasswordValidationException" />
    </UnitTest>
    <UnitTest name="ToDoListApi.Tests.UserControllerTests.Register_WhenErrorOccured_ThrowsRegistrationException" storage="c:\users\user\riderprojects\todolistapp\backend\test\todolistapi.tests\bin\debug\netcoreapp2.2\todolistapi.tests.dll" id="89e9c35e-f883-f7af-bbe6-7b578f18abd2">
      <Execution id="fe8fb959-addb-4cce-b371-9c451ac0ba40" />
      <TestMethod codeBase="C:\Users\User\RiderProjects\ToDoListApp\backend\test\ToDoListApi.Tests\bin\Debug\netcoreapp2.2\ToDoListApi.Tests.dll" adapterTypeName="executor://xunit/VsTestRunner2/netcoreapp" className="ToDoListApi.Tests" name="ToDoListApi.Tests.UserControllerTests.Register_WhenErrorOccured_ThrowsRegistrationException" />
    </UnitTest>
    <UnitTest name="ToDoListApi.Tests.UserServiceTests.GetUser_WhenNotFound_ThrowsResourceNotFoundException" storage="c:\users\user\riderprojects\todolistapp\backend\test\todolistapi.tests\bin\debug\netcoreapp2.2\todolistapi.tests.dll" id="aeae4750-fc20-3e50-1faa-eb8fd81dc93b">
      <Execution id="6ca3fd44-0cdd-4224-b71c-91743b9d493c" />
      <TestMethod codeBase="C:\Users\User\RiderProjects\ToDoListApp\backend\test\ToDoListApi.Tests\bin\Debug\netcoreapp2.2\ToDoListApi.Tests.dll" adapterTypeName="executor://xunit/VsTestRunner2/netcoreapp" className="ToDoListApi.Tests" name="ToDoListApi.Tests.UserServiceTests.GetUser_WhenNotFound_ThrowsResourceNotFoundException" />
    </UnitTest>
    <UnitTest name="ToDoListApi.Tests.ToDoServiceTests.AddToDo_ByDefault_ReturnsToDoViewModelList" storage="c:\users\user\riderprojects\todolistapp\backend\test\todolistapi.tests\bin\debug\netcoreapp2.2\todolistapi.tests.dll" id="ae3d2dd1-5333-6afd-716b-566eeba33f4c">
      <Execution id="91c14286-b799-459a-a176-799e2f515bd7" />
      <TestMethod codeBase="C:\Users\User\RiderProjects\ToDoListApp\backend\test\ToDoListApi.Tests\bin\Debug\netcoreapp2.2\ToDoListApi.Tests.dll" adapterTypeName="executor://xunit/VsTestRunner2/netcoreapp" className="ToDoListApi.Tests" name="ToDoListApi.Tests.ToDoServiceTests.AddToDo_ByDefault_ReturnsToDoViewModelList" />
    </UnitTest>
    <UnitTest name="ToDoListApi.Tests.UserControllerTests.GetUser_WhenUserNotFound_ThrowsResourceNotFoundException" storage="c:\users\user\riderprojects\todolistapp\backend\test\todolistapi.tests\bin\debug\netcoreapp2.2\todolistapi.tests.dll" id="96ad2a57-87f2-b5cf-b147-18611533fe55">
      <Execution id="15024ac0-1b90-42be-8373-a0cb7ec8b6dc" />
      <TestMethod codeBase="C:\Users\User\RiderProjects\ToDoListApp\backend\test\ToDoListApi.Tests\bin\Debug\netcoreapp2.2\ToDoListApi.Tests.dll" adapterTypeName="executor://xunit/VsTestRunner2/netcoreapp" className="ToDoListApi.Tests" name="ToDoListApi.Tests.UserControllerTests.GetUser_WhenUserNotFound_ThrowsResourceNotFoundException" />
    </UnitTest>
    <UnitTest name="ToDoListApi.Tests.UserServiceTests.Register_ByDefault_ReturnsStringToken" storage="c:\users\user\riderprojects\todolistapp\backend\test\todolistapi.tests\bin\debug\netcoreapp2.2\todolistapi.tests.dll" id="6957a3ee-b847-d9a0-b0e5-24b3d8a95285">
      <Execution id="31ef5390-1f8a-4554-bbed-12ea32ab755d" />
      <TestMethod codeBase="C:\Users\User\RiderProjects\ToDoListApp\backend\test\ToDoListApi.Tests\bin\Debug\netcoreapp2.2\ToDoListApi.Tests.dll" adapterTypeName="executor://xunit/VsTestRunner2/netcoreapp" className="ToDoListApi.Tests" name="ToDoListApi.Tests.UserServiceTests.Register_ByDefault_ReturnsStringToken" />
    </UnitTest>
    <UnitTest name="ToDoListApi.Tests.ToDoRepositoryTests.UpdateToDo_WhenToDoNotFound_ThrowsResourceNotFoundException" storage="c:\users\user\riderprojects\todolistapp\backend\test\todolistapi.tests\bin\debug\netcoreapp2.2\todolistapi.tests.dll" id="e9cacf45-ec7d-24fd-4b3b-92af93c804be">
      <Execution id="82cf5f07-e50c-490a-83bf-b06b6ff4e0f2" />
      <TestMethod codeBase="C:\Users\User\RiderProjects\ToDoListApp\backend\test\ToDoListApi.Tests\bin\Debug\netcoreapp2.2\ToDoListApi.Tests.dll" adapterTypeName="executor://xunit/VsTestRunner2/netcoreapp" className="ToDoListApi.Tests" name="ToDoListApi.Tests.ToDoRepositoryTests.UpdateToDo_WhenToDoNotFound_ThrowsResourceNotFoundException" />
    </UnitTest>
    <UnitTest name="ToDoListApi.Tests.CustomExceptionHandlerMiddlewareTests.Invoke_WhenResourceNotFoundException_SetsNotFoundStatusCode" storage="c:\users\user\riderprojects\todolistapp\backend\test\todolistapi.tests\bin\debug\netcoreapp2.2\todolistapi.tests.dll" id="8c686979-d0cc-83c0-2ffb-1ab51b84c3c0">
      <Execution id="6cec88a9-a05e-4048-a0d9-e697e8cc17f2" />
      <TestMethod codeBase="C:\Users\User\RiderProjects\ToDoListApp\backend\test\ToDoListApi.Tests\bin\Debug\netcoreapp2.2\ToDoListApi.Tests.dll" adapterTypeName="executor://xunit/VsTestRunner2/netcoreapp" className="ToDoListApi.Tests" name="ToDoListApi.Tests.CustomExceptionHandlerMiddlewareTests.Invoke_WhenResourceNotFoundException_SetsNotFoundStatusCode" />
    </UnitTest>
    <UnitTest name="ToDoListApi.Tests.ToDoListControllerTests.DeleteToDo_WhenNotFound_ThrowsException" storage="c:\users\user\riderprojects\todolistapp\backend\test\todolistapi.tests\bin\debug\netcoreapp2.2\todolistapi.tests.dll" id="87e0b9c2-8f31-986c-3e90-4ecaa67f934b">
      <Execution id="046204bb-4222-4bb5-a711-41a928689193" />
      <TestMethod codeBase="C:\Users\User\RiderProjects\ToDoListApp\backend\test\ToDoListApi.Tests\bin\Debug\netcoreapp2.2\ToDoListApi.Tests.dll" adapterTypeName="executor://xunit/VsTestRunner2/netcoreapp" className="ToDoListApi.Tests" name="ToDoListApi.Tests.ToDoListControllerTests.DeleteToDo_WhenNotFound_ThrowsException" />
    </UnitTest>
    <UnitTest name="ToDoListApi.Tests.ToDoListControllerTests.GetToDos_ByDefault_ReturnsOkObjectResult" storage="c:\users\user\riderprojects\todolistapp\backend\test\todolistapi.tests\bin\debug\netcoreapp2.2\todolistapi.tests.dll" id="5e26ea6d-5002-e636-5b8f-39484cb491fb">
      <Execution id="92607c17-90a9-4290-bf8e-8e5c5aae9f66" />
      <TestMethod codeBase="C:\Users\User\RiderProjects\ToDoListApp\backend\test\ToDoListApi.Tests\bin\Debug\netcoreapp2.2\ToDoListApi.Tests.dll" adapterTypeName="executor://xunit/VsTestRunner2/netcoreapp" className="ToDoListApi.Tests" name="ToDoListApi.Tests.ToDoListControllerTests.GetToDos_ByDefault_ReturnsOkObjectResult" />
    </UnitTest>
    <UnitTest name="ToDoListApi.Tests.ToDoRepositoryTests.GetToDos_ByDefault_ReturnsToDosCollection" storage="c:\users\user\riderprojects\todolistapp\backend\test\todolistapi.tests\bin\debug\netcoreapp2.2\todolistapi.tests.dll" id="032abfa7-d8b4-98f9-7922-68eda5552a13">
      <Execution id="de914ed7-6923-4468-b453-d099f32fadaa" />
      <TestMethod codeBase="C:\Users\User\RiderProjects\ToDoListApp\backend\test\ToDoListApi.Tests\bin\Debug\netcoreapp2.2\ToDoListApi.Tests.dll" adapterTypeName="executor://xunit/VsTestRunner2/netcoreapp" className="ToDoListApi.Tests" name="ToDoListApi.Tests.ToDoRepositoryTests.GetToDos_ByDefault_ReturnsToDosCollection" />
    </UnitTest>
    <UnitTest name="ToDoListApi.Tests.ToDoRepositoryTests.AddTodo_ByDefault_ReturnsToDosCollection" storage="c:\users\user\riderprojects\todolistapp\backend\test\todolistapi.tests\bin\debug\netcoreapp2.2\todolistapi.tests.dll" id="2282d58e-1655-afe3-165e-cf5919ff00e4">
      <Execution id="b99f5aa6-8038-4c54-8da4-43ed4ad0932d" />
      <TestMethod codeBase="C:\Users\User\RiderProjects\ToDoListApp\backend\test\ToDoListApi.Tests\bin\Debug\netcoreapp2.2\ToDoListApi.Tests.dll" adapterTypeName="executor://xunit/VsTestRunner2/netcoreapp" className="ToDoListApi.Tests" name="ToDoListApi.Tests.ToDoRepositoryTests.AddTodo_ByDefault_ReturnsToDosCollection" />
    </UnitTest>
    <UnitTest name="ToDoListApi.Tests.UserServiceTests.Register_WhenAlreadyExists_ThrowsResourceAlreadyExistsException" storage="c:\users\user\riderprojects\todolistapp\backend\test\todolistapi.tests\bin\debug\netcoreapp2.2\todolistapi.tests.dll" id="ea2e95db-1372-0b48-caba-0c3fbb7f93a0">
      <Execution id="ed2480c8-b1e3-4074-857c-5ce57e925d3f" />
      <TestMethod codeBase="C:\Users\User\RiderProjects\ToDoListApp\backend\test\ToDoListApi.Tests\bin\Debug\netcoreapp2.2\ToDoListApi.Tests.dll" adapterTypeName="executor://xunit/VsTestRunner2/netcoreapp" className="ToDoListApi.Tests" name="ToDoListApi.Tests.UserServiceTests.Register_WhenAlreadyExists_ThrowsResourceAlreadyExistsException" />
    </UnitTest>
    <UnitTest name="ToDoListApi.Tests.UserServiceTests.Register_WhenNotSucceeded_ThrowsRegistrationException" storage="c:\users\user\riderprojects\todolistapp\backend\test\todolistapi.tests\bin\debug\netcoreapp2.2\todolistapi.tests.dll" id="3c156df9-5e58-4643-7f69-3652d917baa9">
      <Execution id="6520e780-f366-4f70-89ac-10443dc8cfdf" />
      <TestMethod codeBase="C:\Users\User\RiderProjects\ToDoListApp\backend\test\ToDoListApi.Tests\bin\Debug\netcoreapp2.2\ToDoListApi.Tests.dll" adapterTypeName="executor://xunit/VsTestRunner2/netcoreapp" className="ToDoListApi.Tests" name="ToDoListApi.Tests.UserServiceTests.Register_WhenNotSucceeded_ThrowsRegistrationException" />
    </UnitTest>
    <UnitTest name="ToDoListApi.Tests.ToDoServiceTests.GetToDos_ByDefault_ReturnsToDoViewModelList" storage="c:\users\user\riderprojects\todolistapp\backend\test\todolistapi.tests\bin\debug\netcoreapp2.2\todolistapi.tests.dll" id="6b8fb93f-bc50-4ee3-2da4-4cc21ba7b09d">
      <Execution id="96a6a67a-1bf8-48a8-bb3a-1436a663ad90" />
      <TestMethod codeBase="C:\Users\User\RiderProjects\ToDoListApp\backend\test\ToDoListApi.Tests\bin\Debug\netcoreapp2.2\ToDoListApi.Tests.dll" adapterTypeName="executor://xunit/VsTestRunner2/netcoreapp" className="ToDoListApi.Tests" name="ToDoListApi.Tests.ToDoServiceTests.GetToDos_ByDefault_ReturnsToDoViewModelList" />
    </UnitTest>
    <UnitTest name="ToDoListApi.Tests.UserControllerTests.Login_ByDefault_ReturnsOkObjectResult" storage="c:\users\user\riderprojects\todolistapp\backend\test\todolistapi.tests\bin\debug\netcoreapp2.2\todolistapi.tests.dll" id="9766a886-4cfb-c079-224b-05b0ed11030b">
      <Execution id="a72267bd-8f52-4b06-9eb1-35b224d5e6e5" />
      <TestMethod codeBase="C:\Users\User\RiderProjects\ToDoListApp\backend\test\ToDoListApi.Tests\bin\Debug\netcoreapp2.2\ToDoListApi.Tests.dll" adapterTypeName="executor://xunit/VsTestRunner2/netcoreapp" className="ToDoListApi.Tests" name="ToDoListApi.Tests.UserControllerTests.Login_ByDefault_ReturnsOkObjectResult" />
    </UnitTest>
    <UnitTest name="ToDoListApi.Tests.ToDoServiceTests.UpdateToDo_ByDefault_ReturnsToDoViewModel" storage="c:\users\user\riderprojects\todolistapp\backend\test\todolistapi.tests\bin\debug\netcoreapp2.2\todolistapi.tests.dll" id="9ae6aebd-ac9a-805e-7c96-1efa270a187d">
      <Execution id="537d384a-3b40-4b26-a8ab-8a5256caac69" />
      <TestMethod codeBase="C:\Users\User\RiderProjects\ToDoListApp\backend\test\ToDoListApi.Tests\bin\Debug\netcoreapp2.2\ToDoListApi.Tests.dll" adapterTypeName="executor://xunit/VsTestRunner2/netcoreapp" className="ToDoListApi.Tests" name="ToDoListApi.Tests.ToDoServiceTests.UpdateToDo_ByDefault_ReturnsToDoViewModel" />
    </UnitTest>
    <UnitTest name="ToDoListApi.Tests.CustomExceptionHandlerMiddlewareTests.Invoke_WhenResourceAlreadyExistsException_SetsConflictStatusCode" storage="c:\users\user\riderprojects\todolistapp\backend\test\todolistapi.tests\bin\debug\netcoreapp2.2\todolistapi.tests.dll" id="23cb0140-2048-ffd2-2687-b14d74aa7b01">
      <Execution id="5c530fc0-1e60-409f-b14b-882f3b17e30c" />
      <TestMethod codeBase="C:\Users\User\RiderProjects\ToDoListApp\backend\test\ToDoListApi.Tests\bin\Debug\netcoreapp2.2\ToDoListApi.Tests.dll" adapterTypeName="executor://xunit/VsTestRunner2/netcoreapp" className="ToDoListApi.Tests" name="ToDoListApi.Tests.CustomExceptionHandlerMiddlewareTests.Invoke_WhenResourceAlreadyExistsException_SetsConflictStatusCode" />
    </UnitTest>
    <UnitTest name="ToDoListApi.Tests.ToDoRepositoryTests.DeleteToDo_WhenToDoNotFound_ThrowsResourceNotFoundException" storage="c:\users\user\riderprojects\todolistapp\backend\test\todolistapi.tests\bin\debug\netcoreapp2.2\todolistapi.tests.dll" id="1d5a8f6c-4d6a-6436-144f-0d12c0117e88">
      <Execution id="5addefd4-46d0-4b76-a998-2ba7e934bb66" />
      <TestMethod codeBase="C:\Users\User\RiderProjects\ToDoListApp\backend\test\ToDoListApi.Tests\bin\Debug\netcoreapp2.2\ToDoListApi.Tests.dll" adapterTypeName="executor://xunit/VsTestRunner2/netcoreapp" className="ToDoListApi.Tests" name="ToDoListApi.Tests.ToDoRepositoryTests.DeleteToDo_WhenToDoNotFound_ThrowsResourceNotFoundException" />
    </UnitTest>
  </TestDefinitions>
  <TestEntries>
    <TestEntry testId="9ae6aebd-ac9a-805e-7c96-1efa270a187d" executionId="537d384a-3b40-4b26-a8ab-8a5256caac69" testListId="8c84fa94-04c1-424b-9868-57a2d4851a1d" />
    <TestEntry testId="f2321ffb-392f-a3c9-4469-ff13a725522b" executionId="76fe774a-a3d1-4f77-9633-1f743d0ef11d" testListId="8c84fa94-04c1-424b-9868-57a2d4851a1d" />
    <TestEntry testId="ea2e95db-1372-0b48-caba-0c3fbb7f93a0" executionId="ed2480c8-b1e3-4074-857c-5ce57e925d3f" testListId="8c84fa94-04c1-424b-9868-57a2d4851a1d" />
    <TestEntry testId="2befb066-b22b-4b19-05fb-eebdc029d5ca" executionId="e7ea756b-cddf-4ee4-b607-d4b137824b46" testListId="8c84fa94-04c1-424b-9868-57a2d4851a1d" />
    <TestEntry testId="0693012c-ff3f-ce53-8f95-a1a3e6c5d21f" executionId="cc56e0e4-ea57-46ea-8e6b-f3052982cd72" testListId="8c84fa94-04c1-424b-9868-57a2d4851a1d" />
    <TestEntry testId="b84dbc80-27bb-c2d1-40df-a4ad1f4b40e2" executionId="d039651f-c4c1-4d5b-8c7b-ae71da5d3b99" testListId="8c84fa94-04c1-424b-9868-57a2d4851a1d" />
    <TestEntry testId="75d729a4-8445-7cde-1cef-1a01bcf19fd3" executionId="30d24e92-1815-4237-938d-cf129e11cad9" testListId="8c84fa94-04c1-424b-9868-57a2d4851a1d" />
    <TestEntry testId="6957a3ee-b847-d9a0-b0e5-24b3d8a95285" executionId="31ef5390-1f8a-4554-bbed-12ea32ab755d" testListId="8c84fa94-04c1-424b-9868-57a2d4851a1d" />
    <TestEntry testId="2282d58e-1655-afe3-165e-cf5919ff00e4" executionId="b99f5aa6-8038-4c54-8da4-43ed4ad0932d" testListId="8c84fa94-04c1-424b-9868-57a2d4851a1d" />
    <TestEntry testId="b6e0f80b-1b7d-f80f-b659-a8283afdd488" executionId="5f50bf53-24dd-425c-83af-0746d2134b91" testListId="8c84fa94-04c1-424b-9868-57a2d4851a1d" />
    <TestEntry testId="9766a886-4cfb-c079-224b-05b0ed11030b" executionId="a72267bd-8f52-4b06-9eb1-35b224d5e6e5" testListId="8c84fa94-04c1-424b-9868-57a2d4851a1d" />
    <TestEntry testId="96ad2a57-87f2-b5cf-b147-18611533fe55" executionId="15024ac0-1b90-42be-8373-a0cb7ec8b6dc" testListId="8c84fa94-04c1-424b-9868-57a2d4851a1d" />
    <TestEntry testId="17a64cc4-f72d-82ce-e615-b5687e6b1ca1" executionId="b143fe28-f5dc-4b11-a2f6-8fa9e3dbbc1e" testListId="8c84fa94-04c1-424b-9868-57a2d4851a1d" />
    <TestEntry testId="2f862c73-6827-e183-5ba7-0f92654a26eb" executionId="47ce751f-2509-4a31-bbdc-9023d9d33123" testListId="8c84fa94-04c1-424b-9868-57a2d4851a1d" />
    <TestEntry testId="ac5d38fb-058c-ab80-40bc-c97799128f76" executionId="0f665837-9205-4a43-a76d-7e526c4437e9" testListId="8c84fa94-04c1-424b-9868-57a2d4851a1d" />
    <TestEntry testId="87e0b9c2-8f31-986c-3e90-4ecaa67f934b" executionId="046204bb-4222-4bb5-a711-41a928689193" testListId="8c84fa94-04c1-424b-9868-57a2d4851a1d" />
    <TestEntry testId="5e26ea6d-5002-e636-5b8f-39484cb491fb" executionId="92607c17-90a9-4290-bf8e-8e5c5aae9f66" testListId="8c84fa94-04c1-424b-9868-57a2d4851a1d" />
    <TestEntry testId="fcee21ce-d0ef-acd5-ff0f-75d10a05ae73" executionId="8e22ee60-11fa-47e4-82b4-8d5255e02d5c" testListId="8c84fa94-04c1-424b-9868-57a2d4851a1d" />
    <TestEntry testId="a407264d-5c1b-fad9-5f01-106bdef2155a" executionId="c70f0896-a65c-43f7-b581-6e930323102e" testListId="8c84fa94-04c1-424b-9868-57a2d4851a1d" />
    <TestEntry testId="032abfa7-d8b4-98f9-7922-68eda5552a13" executionId="de914ed7-6923-4468-b453-d099f32fadaa" testListId="8c84fa94-04c1-424b-9868-57a2d4851a1d" />
    <TestEntry testId="1d5a8f6c-4d6a-6436-144f-0d12c0117e88" executionId="5addefd4-46d0-4b76-a998-2ba7e934bb66" testListId="8c84fa94-04c1-424b-9868-57a2d4851a1d" />
    <TestEntry testId="c2b592f2-7671-fcf9-9d42-259149c1440b" executionId="fe12a065-19a1-49c3-be77-47538f47c24f" testListId="8c84fa94-04c1-424b-9868-57a2d4851a1d" />
    <TestEntry testId="e9cacf45-ec7d-24fd-4b3b-92af93c804be" executionId="82cf5f07-e50c-490a-83bf-b06b6ff4e0f2" testListId="8c84fa94-04c1-424b-9868-57a2d4851a1d" />
    <TestEntry testId="b0bbbd41-7dc6-eb7b-a597-3789851064c2" executionId="149ee49c-39b6-428e-b32d-99d20237ce11" testListId="8c84fa94-04c1-424b-9868-57a2d4851a1d" />
    <TestEntry testId="ae3d2dd1-5333-6afd-716b-566eeba33f4c" executionId="91c14286-b799-459a-a176-799e2f515bd7" testListId="8c84fa94-04c1-424b-9868-57a2d4851a1d" />
    <TestEntry testId="6774488f-5b18-a0ce-a576-5ece004b3268" executionId="60e08c46-92c9-445e-b071-6012cf32b6c2" testListId="8c84fa94-04c1-424b-9868-57a2d4851a1d" />
    <TestEntry testId="eaae0e17-57a7-42ad-7783-7d38569b9ee2" executionId="259844e3-4f88-4ec1-82aa-6e4bed13bb66" testListId="8c84fa94-04c1-424b-9868-57a2d4851a1d" />
    <TestEntry testId="defc2bae-b05d-0059-582d-a09acc2a5664" executionId="bb5ac2df-f08d-46d7-b5cb-a89d95edc134" testListId="8c84fa94-04c1-424b-9868-57a2d4851a1d" />
    <TestEntry testId="a4ed0bb5-6a17-0b21-6c60-06211b605756" executionId="19e8d025-ce2e-49c1-b145-b69a44f4d3ec" testListId="8c84fa94-04c1-424b-9868-57a2d4851a1d" />
    <TestEntry testId="82fa830b-3aed-b367-9c53-3613b2cad19c" executionId="6ccc8fd2-306d-4e46-b875-ea6aa2e72b1a" testListId="8c84fa94-04c1-424b-9868-57a2d4851a1d" />
    <TestEntry testId="3c156df9-5e58-4643-7f69-3652d917baa9" executionId="6520e780-f366-4f70-89ac-10443dc8cfdf" testListId="8c84fa94-04c1-424b-9868-57a2d4851a1d" />
    <TestEntry testId="aeae4750-fc20-3e50-1faa-eb8fd81dc93b" executionId="6ca3fd44-0cdd-4224-b71c-91743b9d493c" testListId="8c84fa94-04c1-424b-9868-57a2d4851a1d" />
    <TestEntry testId="4de0d2c6-493e-bf8d-0d18-9f8063a651b9" executionId="ace57629-93e9-4279-a2ef-bfac9b9b2ea7" testListId="8c84fa94-04c1-424b-9868-57a2d4851a1d" />
    <TestEntry testId="8c686979-d0cc-83c0-2ffb-1ab51b84c3c0" executionId="6cec88a9-a05e-4048-a0d9-e697e8cc17f2" testListId="8c84fa94-04c1-424b-9868-57a2d4851a1d" />
    <TestEntry testId="7725b41e-6131-f3d1-09ed-c4cd6120786b" executionId="9a6012bf-43b8-4fa8-886b-6ca856788b37" testListId="8c84fa94-04c1-424b-9868-57a2d4851a1d" />
    <TestEntry testId="5d2ecf54-5f31-dac0-364d-8d815572c29c" executionId="4449990e-5adb-4d1a-b18a-a9c8e932901a" testListId="8c84fa94-04c1-424b-9868-57a2d4851a1d" />
    <TestEntry testId="6b8fb93f-bc50-4ee3-2da4-4cc21ba7b09d" executionId="96a6a67a-1bf8-48a8-bb3a-1436a663ad90" testListId="8c84fa94-04c1-424b-9868-57a2d4851a1d" />
    <TestEntry testId="23cb0140-2048-ffd2-2687-b14d74aa7b01" executionId="5c530fc0-1e60-409f-b14b-882f3b17e30c" testListId="8c84fa94-04c1-424b-9868-57a2d4851a1d" />
    <TestEntry testId="051bdce2-6bd0-67bb-1dec-00bba9c72f7f" executionId="94c01710-f989-4f28-b104-9d42e63773a5" testListId="8c84fa94-04c1-424b-9868-57a2d4851a1d" />
    <TestEntry testId="89e9c35e-f883-f7af-bbe6-7b578f18abd2" executionId="fe8fb959-addb-4cce-b371-9c451ac0ba40" testListId="8c84fa94-04c1-424b-9868-57a2d4851a1d" />
  </TestEntries>
  <TestLists>
    <TestList name="Results Not in a List" id="8c84fa94-04c1-424b-9868-57a2d4851a1d" />
    <TestList name="All Loaded Results" id="19431567-8539-422a-85d7-44ee4e166bda" />
  </TestLists>
  <ResultSummary outcome="Completed">
    <Counters total="40" executed="40" passed="40" failed="0" error="0" timeout="0" aborted="0" inconclusive="0" passedButRunAborted="0" notRunnable="0" notExecuted="0" disconnected="0" warning="0" completed="0" inProgress="0" pending="0" />
    <Output>
      <StdOut>[xUnit.net 00:00:00.00] xUnit.net VSTest Adapter v2.4.0 (64-bit .NET Core 4.6.27207.03)[xUnit.net 00:00:00.86]   Discovering: ToDoListApi.Tests[xUnit.net 00:00:00.91]   Discovered:  ToDoListApi.Tests[xUnit.net 00:00:00.92]   Starting:    ToDoListApi.Tests[xUnit.net 00:00:01.97]   Finished:    ToDoListApi.Tests</StdOut>
    </Output>
  </ResultSummary>
</TestRun>